// Jest Snapshot v1, https://goo.gl/fbAQLP

exports[`<Title /> component shalow rendering should render App Title. text 1`] = `
<div
  className="title"
>
  <div
    className="divider"
  />
  <h1
    className="title-text"
  >
    App Title.
  </h1>
</div>
`;
